
> draftdeckai@2.0.0 build
> next build

  Γû▓ Next.js 14.2.35
  - Environments: .env.local

   Creating an optimized production build ...
   Using tsconfig file: ./tsconfig.build.json
> [PWA] Compile server
> [PWA] Compile server
> [PWA] Compile client (static)
> [PWA] Auto register service worker with: C:\Users\miet\Desktop\Draftdeckai\node_modules\next-pwa\register.js
> [PWA] Service worker: C:\Users\miet\Desktop\Draftdeckai\public\sw.js
> [PWA]   url: /sw.js
> [PWA]   scope: /
   Skipping validation of types
   Skipping linting
node.exe : <w> [webpack.cache.PackFileCacheStrategy] Caching failed for pack: Error: ENOENT: no such file or directory, rename 
'C:\Users\miet\Desktop\Draftdeckai\.next\cache\webpack\client-production\15.pack_' -> 
'C:\Users\miet\Desktop\Draftdeckai\.next\cache\webpack\client-production\15.pack'
At line:1 char:1
+ & "C:\nvm4w\nodejs/node.exe" "C:\nvm4w\nodejs/node_modules/npm/bin/np ...
+ ~~~~~~~~~~~~~~~~~~~~~~~~~~~~~~~~~~~~~~~~~~~~~~~~~~~~~~~~~~~~~~~~~~~~~
    + CategoryInfo          : NotSpecified: (<w> [webpack.ca...uction\15.pack':String) [], RemoteException
    + FullyQualifiedErrorId : NativeCommandError
 
 ΓÜá Compiled with warnings

./app/api/presentations/regenerate-image/route.ts
Attempted import error: 'regenerateSlideImage' is not exported from '@/lib/flux-image-generator' (imported as 'regenerateSlideImage').

Import trace for requested module:
./app/api/presentations/regenerate-image/route.ts

   Collecting page data ...
Error: STRIPE_SECRET_KEY is not set in environment variables
    at 69206 (C:\Users\miet\Desktop\Draftdeckai\.next\server\app\api\stripe\create-portal-session\route.js:1:2386)
    at t (C:\Users\miet\Desktop\Draftdeckai\.next\server\webpack-runtime.js:1:143)
    at 30452 (C:\Users\miet\Desktop\Draftdeckai\.next\server\app\api\stripe\create-portal-session\route.js:1:1038)
    at t (C:\Users\miet\Desktop\Draftdeckai\.next\server\webpack-runtime.js:1:143)
    at r (C:\Users\miet\Desktop\Draftdeckai\.next\server\app\api\stripe\create-portal-session\route.js:1:4903)
    at C:\Users\miet\Desktop\Draftdeckai\.next\server\app\api\stripe\create-portal-session\route.js:1:4956
    at t.X (C:\Users\miet\Desktop\Draftdeckai\.next\server\webpack-runtime.js:1:2214)
    at C:\Users\miet\Desktop\Draftdeckai\.next\server\app\api\stripe\create-portal-session\route.js:1:4916
    at Object.<anonymous> (C:\Users\miet\Desktop\Draftdeckai\.next\server\app\api\stripe\create-portal-session\route.js:1:4984)
    at Module._compile (node:internal/modules/cjs/loader:1761:14)

> Build error occurred
Error: Failed to collect page data for /api/stripe/create-portal-session
    at C:\Users\miet\Desktop\Draftdeckai\node_modules\next\dist\build\utils.js:1269:15
    at process.processTicksAndRejections (node:internal/process/task_queues:103:5) {
  type: 'Error'
}
